// Jest Snapshot v1, https://goo.gl/fbAQLP

exports[`Navigation component Matches snapshot 1`] = `
Array [
  <div
    className="topBarSpacer"
  />,
  <nav
    className="section"
  >
    <div
      className="topbar container"
    >
      <div
        style={
          Object {
            "boxSizing": "border-box",
            "display": "inline-block",
            "margin": 0,
            "maxWidth": "100%",
            "overflow": "hidden",
            "position": "relative",
          }
        }
      >
        <div
          style={
            Object {
              "boxSizing": "border-box",
              "display": "block",
              "maxWidth": "100%",
            }
          }
        >
          <img
            alt=""
            aria-hidden={true}
            role="presentation"
            src="data:image/svg+xml;base64,PHN2ZyB3aWR0aD0iMzAiIGhlaWdodD0iMzAiIHhtbG5zPSJodHRwOi8vd3d3LnczLm9yZy8yMDAwL3N2ZyIgdmVyc2lvbj0iMS4xIi8+"
            style={
              Object {
                "border": "none",
                "display": "block",
                "margin": 0,
                "maxWidth": "100%",
                "padding": 0,
              }
            }
          />
        </div>
        <noscript>
          <img
            alt="To home"
            decoding="async"
            onClick={[Function]}
            onMouseEnter={[Function]}
            src="/_next/image?url=%2Ffavicon-48x48.png&w=64&q=75"
            srcSet="/_next/image?url=%2Ffavicon-48x48.png&w=32&q=75 1x, /_next/image?url=%2Ffavicon-48x48.png&w=64&q=75 2x"
            style={
              Object {
                "border": "none",
                "bottom": 0,
                "boxSizing": "border-box",
                "display": "block",
                "height": 0,
                "left": 0,
                "margin": "auto",
                "maxHeight": "100%",
                "maxWidth": "100%",
                "minHeight": "100%",
                "minWidth": "100%",
                "objectFit": undefined,
                "objectPosition": undefined,
                "padding": 0,
                "position": "absolute",
                "right": 0,
                "top": 0,
                "width": 0,
              }
            }
          />
        </noscript>
        <img
          alt="To home"
          decoding="async"
          onClick={[Function]}
          onMouseEnter={[Function]}
          src="data:image/gif;base64,R0lGODlhAQABAIAAAAAAAP///yH5BAEAAAAALAAAAAABAAEAAAIBRAA7"
          style={
            Object {
              "border": "none",
              "bottom": 0,
              "boxSizing": "border-box",
              "display": "block",
              "height": 0,
              "left": 0,
              "margin": "auto",
              "maxHeight": "100%",
              "maxWidth": "100%",
              "minHeight": "100%",
              "minWidth": "100%",
              "objectFit": undefined,
              "objectPosition": undefined,
              "padding": 0,
              "position": "absolute",
              "right": 0,
              "top": 0,
              "width": 0,
            }
          }
        />
      </div>
      <div
        aria-label="Open menu"
        className="hamburger"
        onClick={[Function]}
        role="button"
      >
        <span
          className="part"
        />
        <span
          className="part"
        />
        <span
          className="part"
        />
      </div>
    </div>
    <div
      className="content null container"
    >
      <ul
        className="list"
      >
        <li
          className="listItem"
        >
          <a
            className="link"
            href="/letter/a"
            onClick={[Function]}
            onMouseEnter={[Function]}
          >
            a
          </a>
        </li>
        <li
          className="listItem"
        >
          <a
            className="link"
            href="/letter/a2"
            onClick={[Function]}
            onMouseEnter={[Function]}
          >
            á
          </a>
        </li>
        <li
          className="listItem"
        >
          <a
            className="link"
            href="/letter/b"
            onClick={[Function]}
            onMouseEnter={[Function]}
          >
            b
          </a>
        </li>
        <li
          className="listItem"
        >
          <a
            className="link"
            href="/letter/d"
            onClick={[Function]}
            onMouseEnter={[Function]}
          >
            d
          </a>
        </li>
        <li
          className="listItem"
        >
          <a
            className="link"
            href="/letter/e"
            onClick={[Function]}
            onMouseEnter={[Function]}
          >
            e
          </a>
        </li>
        <li
          className="listItem"
        >
          <a
            className="link"
            href="/letter/e2"
            onClick={[Function]}
            onMouseEnter={[Function]}
          >
            é
          </a>
        </li>
        <li
          className="listItem"
        >
          <a
            className="link"
            href="/letter/f"
            onClick={[Function]}
            onMouseEnter={[Function]}
          >
            f
          </a>
        </li>
        <li
          className="listItem"
        >
          <a
            className="link"
            href="/letter/g"
            onClick={[Function]}
            onMouseEnter={[Function]}
          >
            g
          </a>
        </li>
        <li
          className="listItem"
        >
          <a
            className="link"
            href="/letter/h"
            onClick={[Function]}
            onMouseEnter={[Function]}
          >
            h
          </a>
        </li>
        <li
          className="listItem"
        >
          <a
            className="link"
            href="/letter/i"
            onClick={[Function]}
            onMouseEnter={[Function]}
          >
            i
          </a>
        </li>
        <li
          className="listItem"
        >
          <a
            className="link"
            href="/letter/i2"
            onClick={[Function]}
            onMouseEnter={[Function]}
          >
            í
          </a>
        </li>
        <li
          className="listItem"
        >
          <a
            className="link"
            href="/letter/j"
            onClick={[Function]}
            onMouseEnter={[Function]}
          >
            j
          </a>
        </li>
        <li
          className="listItem"
        >
          <a
            className="link"
            href="/letter/k"
            onClick={[Function]}
            onMouseEnter={[Function]}
          >
            k
          </a>
        </li>
        <li
          className="listItem"
        >
          <a
            className="link"
            href="/letter/l"
            onClick={[Function]}
            onMouseEnter={[Function]}
          >
            l
          </a>
        </li>
        <li
          className="listItem"
        >
          <a
            className="link"
            href="/letter/m"
            onClick={[Function]}
            onMouseEnter={[Function]}
          >
            m
          </a>
        </li>
        <li
          className="listItem"
        >
          <a
            className="link"
            href="/letter/n"
            onClick={[Function]}
            onMouseEnter={[Function]}
          >
            n
          </a>
        </li>
        <li
          className="listItem"
        >
          <a
            className="link"
            href="/letter/o"
            onClick={[Function]}
            onMouseEnter={[Function]}
          >
            o
          </a>
        </li>
        <li
          className="listItem"
        >
          <a
            className="link"
            href="/letter/o2"
            onClick={[Function]}
            onMouseEnter={[Function]}
          >
            ó
          </a>
        </li>
        <li
          className="listItem"
        >
          <a
            className="link"
            href="/letter/p"
            onClick={[Function]}
            onMouseEnter={[Function]}
          >
            p
          </a>
        </li>
        <li
          className="listItem"
        >
          <a
            className="link"
            href="/letter/r"
            onClick={[Function]}
            onMouseEnter={[Function]}
          >
            r
          </a>
        </li>
        <li
          className="listItem"
        >
          <a
            className="link"
            href="/letter/s"
            onClick={[Function]}
            onMouseEnter={[Function]}
          >
            s
          </a>
        </li>
        <li
          className="listItem"
        >
          <a
            className="link"
            href="/letter/t"
            onClick={[Function]}
            onMouseEnter={[Function]}
          >
            t
          </a>
        </li>
        <li
          className="listItem"
        >
          <a
            className="link"
            href="/letter/u"
            onClick={[Function]}
            onMouseEnter={[Function]}
          >
            u
          </a>
        </li>
        <li
          className="listItem"
        >
          <a
            className="link"
            href="/letter/u2"
            onClick={[Function]}
            onMouseEnter={[Function]}
          >
            ú
          </a>
        </li>
        <li
          className="listItem"
        >
          <a
            className="link"
            href="/letter/v"
            onClick={[Function]}
            onMouseEnter={[Function]}
          >
            v
          </a>
        </li>
        <li
          className="listItem"
        >
          <a
            className="link"
            href="/letter/y"
            onClick={[Function]}
            onMouseEnter={[Function]}
          >
            y
          </a>
        </li>
        <li
          className="listItem"
        >
          <a
            className="link"
            href="/letter/y2"
            onClick={[Function]}
            onMouseEnter={[Function]}
          >
            ý
          </a>
        </li>
        <li
          className="listItem"
        >
          <a
            className="link"
            href="/letter/th"
            onClick={[Function]}
            onMouseEnter={[Function]}
          >
            þ
          </a>
        </li>
        <li
          className="listItem"
        >
          <a
            className="link"
            href="/letter/ae"
            onClick={[Function]}
            onMouseEnter={[Function]}
          >
            æ
          </a>
        </li>
        <li
          className="listItem"
        >
          <a
            className="link"
            href="/letter/oe3"
            onClick={[Function]}
            onMouseEnter={[Function]}
          >
            œ
          </a>
        </li>
        <li
          className="listItem"
        >
          <a
            className="link"
            href="/letter/oe"
            onClick={[Function]}
            onMouseEnter={[Function]}
          >
            ö
          </a>
        </li>
      </ul>
      <form
        className="form"
        onSubmit={[Function]}
      >
        <input
          aria-label="Search"
          className="input"
          name="search"
          onChange={[Function]}
          type="search"
          value=""
        />
        <button
          className="button button--secondary button--no-margs"
          name="submit"
          type="submit"
        >
          Search
        </button>
      </form>
    </div>
  </nav>,
]
`;
